[36mvite v5.4.21 [32mbuilding for production...[36m[39m
transforming...
[32mΓ£ô[39m 6 modules transformed.

PWA v0.20.5
mode      generateSW
precache  12 entries (528.02 KiB)
files generated
  dist/sw.js
  dist/workbox-fc69c075.js
x Build failed in 1.88s
error during build:
[vite-plugin-pwa:build] There was an error during the build:
  share.html?html-proxy&index=1.js (102:20): Return statement is not allowed here
Additionally, handling the error in the 'buildEnd' hook caused the following error:
  share.html?html-proxy&index=1.js (102:20): Return statement is not allowed here
file: C:/Users/conta/.gemini/antigravity/scratch/commander-pwa/share.html?html-proxy&index=1.js:102:20

100:                         savingStatus.textContent = 'Γ¥î Bulk import failed';
101:                     });
102:                     return; // Exit early, no need for normal flow
                         ^
103:                 }
104:             } catch (e) {

    at getRollupError (file:///C:/Users/conta/.gemini/antigravity/scratch/commander-pwa/node_modules/rollup/dist/es/shared/parseAst.js:401:41)
    at file:///C:/Users/conta/.gemini/antigravity/scratch/commander-pwa/node_modules/rollup/dist/es/shared/node-entry.js:23418:39
    at async catchUnfinishedHookActions (file:///C:/Users/conta/.gemini/antigravity/scratch/commander-pwa/node_modules/rollup/dist/es/shared/node-entry.js:22876:16)
    at async rollupInternal (file:///C:/Users/conta/.gemini/antigravity/scratch/commander-pwa/node_modules/rollup/dist/es/shared/node-entry.js:23401:5)
    at async build (file:///C:/Users/conta/.gemini/antigravity/scratch/commander-pwa/node_modules/vite/dist/node/chunks/dep-BK3b2jBa.js:65709:14)
    at async CAC.<anonymous> (file:///C:/Users/conta/.gemini/antigravity/scratch/commander-pwa/node_modules/vite/dist/node/cli.js:829:5)
